04:19:17 INFO    polybot.engine: watching 18 markets across politics, crypto, sports
04:19:17 INFO    polybot.engine: engine started in paper mode, cash $1000.00
04:29:52 WARNING polybot.gamma: Gamma request failed for politics: ('Connection aborted.', RemoteDisconnected('Remote end closed connection without response'))
04:29:52 INFO    polybot.engine: watching 18 markets across politics, crypto, sports
04:33:04 INFO    polybot.executor: PAPER ENTER SELL 13.12 sh @ 0.953 ($12.50) US announces end of Iranian blockade by August 31, 2026?
04:33:04 INFO    polybot.engine: entered: [mean_reversion] SELL conf=0.50 'US announces end of Iranian blockade by August 31, 2026?' — z-score +2.64 vs 40-tick mean 0.045
04:35:45 INFO    polybot.executor: PAPER ENTER BUY 171.23 sh @ 0.073 ($12.50) Will Donald Trump publicly insult someone on August 23, 2026
04:35:45 INFO    polybot.engine: entered: [mean_reversion] BUY conf=0.50 'Will Donald Trump publicly insult someone on August 23, 2026' — z-score -5.39 vs 40-tick mean 0.067
04:36:01 INFO    polybot.executor: PAPER EXIT  BUY pnl $-3.60 (stop loss -14.4%) Will Donald Trump publicly insult someone on August 23, 2026
04:40:29 WARNING polybot.gamma: Gamma request failed for politics: ('Connection aborted.', RemoteDisconnected('Remote end closed connection without response'))
04:40:30 INFO    polybot.engine: watching 17 markets across politics, crypto, sports
04:42:37 INFO    polybot.executor: PAPER ENTER BUY 65.79 sh @ 0.190 ($12.50) Clarity Act (H.R.3633) signed into law in 2026?
04:42:37 INFO    polybot.engine: entered: [mean_reversion] BUY conf=0.50 'Clarity Act (H.R.3633) signed into law in 2026?' — z-score -6.24 vs 40-tick mean 0.185
04:42:53 INFO    polybot.executor: PAPER EXIT  BUY pnl $-3.29 (stop loss -21.1%) Clarity Act (H.R.3633) signed into law in 2026?
04:48:40 INFO    polybot.executor: PAPER ENTER SELL 33.48 sh @ 0.448 ($15.00) Will Bitcoin reach $82,500 in August?
04:48:40 INFO    polybot.engine: entered: [momentum] SELL conf=0.60 'Will Bitcoin reach $82,500 in August?' — mid moved -0.032 over 12 ticks
04:51:02 WARNING polybot.gamma: Gamma request failed for politics: ('Connection aborted.', RemoteDisconnected('Remote end closed connection without response'))
04:51:03 INFO    polybot.engine: watching 17 markets across politics, crypto, sports
05:01:35 WARNING polybot.gamma: Gamma request failed for politics: ('Connection aborted.', RemoteDisconnected('Remote end closed connection without response'))
05:01:36 INFO    polybot.engine: watching 17 markets across politics, crypto, sports
05:12:08 WARNING polybot.gamma: Gamma request failed for politics: ('Connection aborted.', RemoteDisconnected('Remote end closed connection without response'))
05:12:08 INFO    polybot.engine: watching 17 markets across politics, crypto, sports
05:18:21 INFO    polybot.executor: PAPER ENTER BUY 37.88 sh @ 0.330 ($12.50) Will the Fed increase interest rates by 25 bps after the Sep
05:18:21 INFO    polybot.engine: entered: [mean_reversion] BUY conf=0.50 'Will the Fed increase interest rates by 25 bps after the Sep' — z-score -6.24 vs 40-tick mean 0.335
05:22:50 WARNING polybot.gamma: Gamma request failed for politics: ('Connection aborted.', RemoteDisconnected('Remote end closed connection without response'))
05:22:51 INFO    polybot.engine: watching 17 markets across politics, crypto, sports
05:30:00 INFO    polybot.executor: PAPER ENTER SELL 13.23 sh @ 0.945 ($12.50) Will Donald Trump publicly insult someone on August 23, 2026
05:30:00 INFO    polybot.engine: entered: [mean_reversion] SELL conf=0.50 'Will Donald Trump publicly insult someone on August 23, 2026' — z-score +6.24 vs 40-tick mean 0.056
05:33:25 WARNING polybot.gamma: Gamma request failed for politics: ('Connection aborted.', RemoteDisconnected('Remote end closed connection without response'))
05:33:26 INFO    polybot.engine: watching 17 markets across politics, crypto, sports
05:44:01 WARNING polybot.gamma: Gamma request failed for politics: ('Connection aborted.', RemoteDisconnected('Remote end closed connection without response'))
05:44:02 INFO    polybot.engine: watching 16 markets across politics, crypto, sports
05:54:34 WARNING polybot.gamma: Gamma request failed for politics: ('Connection aborted.', RemoteDisconnected('Remote end closed connection without response'))
05:54:34 INFO    polybot.engine: watching 16 markets across politics, crypto, sports
06:05:08 WARNING polybot.gamma: Gamma request failed for politics: ('Connection aborted.', RemoteDisconnected('Remote end closed connection without response'))
06:05:09 INFO    polybot.engine: watching 16 markets across politics, crypto, sports
06:15:41 WARNING polybot.gamma: Gamma request failed for politics: ('Connection aborted.', RemoteDisconnected('Remote end closed connection without response'))
06:15:42 INFO    polybot.engine: watching 16 markets across politics, crypto, sports
06:26:15 WARNING polybot.gamma: Gamma request failed for politics: ('Connection aborted.', RemoteDisconnected('Remote end closed connection without response'))
06:26:15 INFO    polybot.engine: watching 15 markets across politics, crypto, sports
06:36:45 WARNING polybot.gamma: Gamma request failed for politics: ('Connection aborted.', RemoteDisconnected('Remote end closed connection without response'))
06:36:46 INFO    polybot.engine: watching 15 markets across politics, crypto, sports
06:47:15 WARNING polybot.gamma: Gamma request failed for politics: ('Connection aborted.', RemoteDisconnected('Remote end closed connection without response'))
06:47:16 INFO    polybot.engine: watching 15 markets across politics, crypto, sports
06:57:48 WARNING polybot.gamma: Gamma request failed for politics: ('Connection aborted.', RemoteDisconnected('Remote end closed connection without response'))
06:57:49 INFO    polybot.engine: watching 16 markets across politics, crypto, sports
07:08:27 WARNING polybot.gamma: Gamma request failed for politics: ('Connection aborted.', RemoteDisconnected('Remote end closed connection without response'))
07:08:27 INFO    polybot.engine: watching 16 markets across politics, crypto, sports
07:19:02 WARNING polybot.gamma: Gamma request failed for politics: ('Connection aborted.', RemoteDisconnected('Remote end closed connection without response'))
07:19:02 INFO    polybot.engine: watching 16 markets across politics, crypto, sports
07:22:29 INFO    polybot.executor: PAPER EXIT  SELL pnl $2.91 (take profit +20.5%) Will Bitcoin reach $82,500 in August?
07:24:03 INFO    polybot.executor: PAPER ENTER SELL 156.25 sh @ 0.080 ($12.50) US ceasefire against Iran continues through August 31?
07:24:03 INFO    polybot.engine: entered: [mean_reversion] SELL conf=0.50 'US ceasefire against Iran continues through August 31?' — z-score +2.38 vs 40-tick mean 0.926
07:24:19 INFO    polybot.executor: PAPER EXIT  SELL pnl $-3.12 (stop loss -12.5%) US ceasefire against Iran continues through August 31?
07:29:32 WARNING polybot.gamma: Gamma request failed for politics: ('Connection aborted.', RemoteDisconnected('Remote end closed connection without response'))
07:29:32 INFO    polybot.engine: watching 15 markets across politics, crypto, sports
07:39:58 WARNING polybot.gamma: Gamma request failed for politics: ('Connection aborted.', RemoteDisconnected('Remote end closed connection without response'))
07:39:59 INFO    polybot.engine: watching 15 markets across politics, crypto, sports
07:50:24 WARNING polybot.gamma: Gamma request failed for politics: ('Connection aborted.', RemoteDisconnected('Remote end closed connection without response'))
07:50:25 INFO    polybot.engine: watching 16 markets across politics, crypto, sports
07:53:19 INFO    polybot.executor: PAPER ENTER SELL 23.72 sh @ 0.527 ($12.50) Will Bitcoin reach $82,500 in August?
07:53:19 INFO    polybot.engine: entered: [mean_reversion] SELL conf=0.50 'Will Bitcoin reach $82,500 in August?' — z-score +6.24 vs 40-tick mean 0.459
08:00:59 WARNING polybot.gamma: Gamma request failed for politics: ('Connection aborted.', RemoteDisconnected('Remote end closed connection without response'))
08:00:59 INFO    polybot.engine: watching 16 markets across politics, crypto, sports
08:11:35 WARNING polybot.gamma: Gamma request failed for politics: ('Connection aborted.', RemoteDisconnected('Remote end closed connection without response'))
08:11:36 INFO    polybot.engine: watching 17 markets across politics, crypto, sports
08:22:15 WARNING polybot.gamma: Gamma request failed for politics: ('Connection aborted.', RemoteDisconnected('Remote end closed connection without response'))
08:22:16 INFO    polybot.engine: watching 17 markets across politics, crypto, sports
08:32:54 WARNING polybot.gamma: Gamma request failed for politics: ('Connection aborted.', RemoteDisconnected('Remote end closed connection without response'))
08:32:55 INFO    polybot.engine: watching 19 markets across politics, crypto, sports
08:43:36 WARNING polybot.gamma: Gamma request failed for politics: ('Connection aborted.', RemoteDisconnected('Remote end closed connection without response'))
08:43:37 INFO    polybot.engine: watching 19 markets across politics, crypto, sports
